char = 52
bool = 1
bool = 0
unit = 0
int = 42
int32 = 42
int64 = [255,42,0,0]
float = 42.42
string = "42"
int_list = [0,4,[0,2,[0,42,0]]]
int_ref = [0,42]
int_option = [0,42]
int_option = 0
int_array = [0,4,2,42,24]
tuple1 = [0,42,"42"]
variant1 A = 0
variant1 B = 1
variant1 C = 2
variant2 D 'hello' = [0,"hello"]
variant2 E A = [1,0]
record1 = [0,0,[0,"d"],0]
record1 = [0,0,[0,"d"],[0,[0,1,[1,[0,1]],0]]]
poly1 `A = 65
poly1 `B str = [0,66,"str"]
poly2 `A = 65
poly2 `B str = [0,66,"str"]
poly2 `C 42 = [0,67,42]
